          <idle>-0     [002] d.h.  3213.825286: azx_get_position: [0:7] pos=49312, delay=45
           aplay-3780  [002] d...  3213.825465: azx_get_position: [0:7] pos=49312, delay=37
          <idle>-0     [002] d.h.  3213.910953: azx_get_position: [0:7] pos=224, delay=45
           aplay-3780  [002] d...  3213.911108: azx_get_position: [0:7] pos=224, delay=38
          <idle>-0     [002] d.h.  3213.995873: azx_get_position: [0:7] pos=16512, delay=41
           aplay-3780  [002] d...  3213.996373: azx_get_position: [0:7] pos=16544, delay=25
          <idle>-0     [002] d.h.  3214.081291: azx_get_position: [0:7] pos=32928, delay=45
           aplay-3780  [002] d...  3214.081478: azx_get_position: [0:7] pos=32928, delay=36
          <idle>-0     [002] d.h.  3214.166957: azx_get_position: [0:7] pos=49376, delay=45
           aplay-3780  [002] d...  3214.167138: azx_get_position: [0:7] pos=49376, delay=37
          <idle>-0     [002] d.h.  3214.251961: azx_get_position: [0:7] pos=160, delay=45
           aplay-3780  [002] d...  3214.252137: azx_get_position: [0:7] pos=160, delay=37
          <idle>-0     [002] d.h.  3214.337608: azx_get_position: [0:7] pos=16608, delay=46
           aplay-3780  [002] d...  3214.337763: azx_get_position: [0:7] pos=16608, delay=39
          <idle>-0     [002] d.H.  3214.422627: azx_get_position: [0:7] pos=32928, delay=45
           aplay-3780  [002] d...  3214.422822: azx_get_position: [0:7] pos=32928, delay=36
          <idle>-0     [002] d.h.  3214.508279: azx_get_position: [0:7] pos=49376, delay=46
           aplay-3780  [002] d...  3214.508438: azx_get_position: [0:7] pos=49376, delay=38
          <idle>-0     [002] d.h.  3214.593325: azx_get_position: [0:7] pos=160, delay=44
           aplay-3780  [002] d...  3214.593502: azx_get_position: [0:7] pos=160, delay=35
          <idle>-0     [002] d.h.  3214.678958: azx_get_position: [0:7] pos=16608, delay=45
           aplay-3780  [002] d...  3214.679141: azx_get_position: [0:7] pos=16608, delay=36
     Web Content-2129  [002] d.h.  3214.763868: azx_get_position: [0:7] pos=32896, delay=41
           aplay-3780  [003] d...  3214.764056: azx_get_position: [0:7] pos=32928, delay=41
          <idle>-0     [002] d.h.  3214.849609: azx_get_position: [0:7] pos=49376, delay=46
           aplay-3780  [003] d...  3214.849775: azx_get_position: [0:7] pos=49376, delay=38
          <idle>-0     [002] d.h.  3214.934626: azx_get_position: [0:7] pos=160, delay=45
           aplay-3780  [003] d...  3214.934822: azx_get_position: [0:7] pos=160, delay=36
          <idle>-0     [002] d.h.  3215.020289: azx_get_position: [0:7] pos=16608, delay=45
           aplay-3780  [003] d...  3215.020485: azx_get_position: [0:7] pos=16608, delay=36
          <idle>-0     [002] d.h.  3215.105294: azx_get_position: [0:7] pos=32928, delay=45
           aplay-3780  [002] d...  3215.105473: azx_get_position: [0:7] pos=32928, delay=36
          <idle>-0     [002] d.h.  3215.190956: azx_get_position: [0:7] pos=49376, delay=45
           aplay-3780  [002] d...  3215.191125: azx_get_position: [0:7] pos=49376, delay=37
           Timer-2146  [002] d.h.  3215.275855: azx_get_position: [0:7] pos=128, delay=42
           aplay-3780  [003] d...  3215.276021: azx_get_position: [0:7] pos=160, delay=42
          <idle>-0     [002] d.h.  3215.361415: azx_get_position: [0:7] pos=16576, delay=47
           aplay-3780  [002] d...  3215.361599: azx_get_position: [0:7] pos=16576, delay=38
          <idle>-0     [002] d.h.  3215.447119: azx_get_position: [0:7] pos=33024, delay=45
           aplay-3780  [002] d...  3215.447305: azx_get_position: [0:7] pos=33024, delay=37
          <idle>-0     [002] d.h.  3215.532129: azx_get_position: [0:7] pos=49344, delay=45
           aplay-3780  [002] d...  3215.532308: azx_get_position: [0:7] pos=49344, delay=36
          <idle>-0     [002] d.h.  3215.617792: azx_get_position: [0:7] pos=256, delay=45
           aplay-3780  [002] d...  3215.617975: azx_get_position: [0:7] pos=256, delay=36
          <idle>-0     [002] d.h.  3215.702702: azx_get_position: [0:7] pos=16544, delay=41
           aplay-3780  [002] d...  3215.702855: azx_get_position: [0:7] pos=16576, delay=42
     Web Content-2129  [002] d.h.  3215.788196: azx_get_position: [0:7] pos=32960, delay=42
           aplay-3780  [003] d...  3215.788390: azx_get_position: [0:7] pos=32992, delay=40
          <idle>-0     [002] d.h.  3215.873240: azx_get_position: [0:7] pos=49312, delay=48
           aplay-3780  [002] d...  3215.873410: azx_get_position: [0:7] pos=49312, delay=39
          <idle>-0     [002] d.h.  3215.958962: azx_get_position: [0:7] pos=224, delay=45
           aplay-3780  [002] d...  3215.959135: azx_get_position: [0:7] pos=224, delay=37
          <idle>-0     [002] d.h.  3216.043960: azx_get_position: [0:7] pos=16544, delay=45
           aplay-3780  [002] d...  3216.044136: azx_get_position: [0:7] pos=16544, delay=37
          <idle>-0     [002] d.h.  3216.129567: azx_get_position: [0:7] pos=32992, delay=48
           aplay-3780  [002] d...  3216.129714: azx_get_position: [0:7] pos=32992, delay=41
          <idle>-0     [002] d.h.  3216.214565: azx_get_position: [0:7] pos=49312, delay=48
           aplay-3780  [002] d...  3216.214708: azx_get_position: [0:7] pos=49312, delay=41
          <idle>-0     [002] d.h.  3216.300246: azx_get_position: [0:7] pos=224, delay=47
           aplay-3780  [002] d...  3216.300410: azx_get_position: [0:7] pos=224, delay=39
          <idle>-0     [002] d.h.  3216.385287: azx_get_position: [0:7] pos=16544, delay=45
           aplay-3780  [002] d...  3216.385469: azx_get_position: [0:7] pos=16544, delay=37
          <idle>-0     [002] d.h.  3216.470960: azx_get_position: [0:7] pos=32992, delay=45
           aplay-3780  [002] d...  3216.471138: azx_get_position: [0:7] pos=32992, delay=37
          <idle>-0     [002] d.h.  3216.555944: azx_get_position: [0:7] pos=49312, delay=46
           aplay-3780  [002] d...  3216.556096: azx_get_position: [0:7] pos=49312, delay=39
          <idle>-0     [002] d.h.  3216.641575: azx_get_position: [0:7] pos=224, delay=48
           aplay-3780  [002] d...  3216.641738: azx_get_position: [0:7] pos=224, delay=40
          <idle>-0     [002] d.h.  3216.726618: azx_get_position: [0:7] pos=16544, delay=45
           aplay-3780  [002] d...  3216.726835: azx_get_position: [0:7] pos=16544, delay=35
          <idle>-0     [002] d.h.  3216.812292: azx_get_position: [0:7] pos=32992, delay=45
           aplay-3780  [002] d...  3216.812468: azx_get_position: [0:7] pos=32992, delay=37
          <idle>-0     [002] d.h.  3216.897254: azx_get_position: [0:7] pos=49312, delay=47
           aplay-3780  [002] d...  3216.897353: azx_get_position: [0:7] pos=49312, delay=42
       JS Helper-2142  [002] d.h.  3216.982701: azx_get_position: [0:7] pos=160, delay=42
           aplay-3780  [003] d...  3216.982839: azx_get_position: [0:7] pos=192, delay=43
          <idle>-0     [002] d.h.  3217.068294: azx_get_position: [0:7] pos=16608, delay=45
           aplay-3780  [002] d...  3217.068477: azx_get_position: [0:7] pos=16608, delay=36
          <idle>-0     [002] d.h.  3217.153288: azx_get_position: [0:7] pos=32928, delay=45
           aplay-3780  [002] d...  3217.153461: azx_get_position: [0:7] pos=32928, delay=37
          <idle>-0     [002] d.h.  3217.238913: azx_get_position: [0:7] pos=49376, delay=47
           aplay-3780  [002] d...  3217.239069: azx_get_position: [0:7] pos=49376, delay=40
          <idle>-0     [002] d.h.  3217.323947: azx_get_position: [0:7] pos=160, delay=46
           aplay-3780  [002] d...  3217.324106: azx_get_position: [0:7] pos=160, delay=38
          <idle>-0     [002] d.h.  3217.409627: azx_get_position: [0:7] pos=16608, delay=45
           aplay-3780  [002] d...  3217.409800: azx_get_position: [0:7] pos=16608, delay=37
          <idle>-0     [002] d.h.  3217.494619: azx_get_position: [0:7] pos=32928, delay=45
           aplay-3780  [002] d...  3217.494797: azx_get_position: [0:7] pos=32928, delay=37
          <idle>-0     [002] d.h.  3217.580295: azx_get_position: [0:7] pos=49376, delay=45
           aplay-3780  [002] d...  3217.580469: azx_get_position: [0:7] pos=49376, delay=37
          <idle>-0     [002] d.h.  3217.665278: azx_get_position: [0:7] pos=160, delay=46
           aplay-3780  [002] d...  3217.665432: azx_get_position: [0:7] pos=160, delay=38
          <idle>-0     [002] d.h.  3217.750946: azx_get_position: [0:7] pos=16608, delay=46
           aplay-3780  [002] d...  3217.751097: azx_get_position: [0:7] pos=16608, delay=38
          <idle>-0     [002] d.h.  3217.835908: azx_get_position: [0:7] pos=32928, delay=48
           aplay-3780  [002] d...  3217.836071: azx_get_position: [0:7] pos=32928, delay=40
          <idle>-0     [002] d.h.  3217.921619: azx_get_position: [0:7] pos=49376, delay=45
           aplay-3780  [002] d...  3217.921803: azx_get_position: [0:7] pos=49376, delay=37
          <idle>-0     [002] d.h.  3218.006624: azx_get_position: [0:7] pos=160, delay=45
           aplay-3780  [002] d...  3218.006812: azx_get_position: [0:7] pos=160, delay=36
          <idle>-0     [002] d.h.  3218.092276: azx_get_position: [0:7] pos=16608, delay=46
           aplay-3780  [002] d...  3218.092430: azx_get_position: [0:7] pos=16608, delay=39
          <idle>-0     [002] d.h.  3218.177276: azx_get_position: [0:7] pos=32928, delay=46
           aplay-3780  [002] d...  3218.177429: azx_get_position: [0:7] pos=32928, delay=39
     Web Content-2129  [002] d.h.  3218.262858: azx_get_position: [0:7] pos=49344, delay=42
           aplay-3780  [003] d...  3218.263036: azx_get_position: [0:7] pos=49376, delay=41
          <idle>-0     [002] d.h.  3218.347958: azx_get_position: [0:7] pos=160, delay=45
           aplay-3780  [002] d...  3218.348137: azx_get_position: [0:7] pos=160, delay=37
          <idle>-0     [002] d.h.  3218.433626: azx_get_position: [0:7] pos=16608, delay=45
           aplay-3780  [002] d...  3218.433799: azx_get_position: [0:7] pos=16608, delay=37
          <idle>-0     [002] d.h.  3218.518621: azx_get_position: [0:7] pos=32928, delay=45
           aplay-3780  [002] d...  3218.518806: azx_get_position: [0:7] pos=32928, delay=36
          <idle>-0     [002] d.h.  3218.604279: azx_get_position: [0:7] pos=49376, delay=46
           aplay-3780  [002] d...  3218.604443: azx_get_position: [0:7] pos=49376, delay=38
          <idle>-0     [002] d.h.  3218.689302: azx_get_position: [0:7] pos=160, delay=45
           aplay-3780  [002] d...  3218.689458: azx_get_position: [0:7] pos=160, delay=37
          <idle>-0     [002] d.h.  3218.774957: azx_get_position: [0:7] pos=16608, delay=45
           aplay-3780  [002] d...  3218.775132: azx_get_position: [0:7] pos=16608, delay=37
          <idle>-0     [002] d.h.  3218.859959: azx_get_position: [0:7] pos=32928, delay=45
           aplay-3780  [002] d...  3218.860133: azx_get_position: [0:7] pos=32928, delay=37
          <idle>-0     [002] d.h.  3218.945617: azx_get_position: [0:7] pos=49376, delay=46
           aplay-3780  [002] d...  3218.945795: azx_get_position: [0:7] pos=49376, delay=37
          <idle>-0     [002] d.h.  3219.030616: azx_get_position: [0:7] pos=160, delay=46
           aplay-3780  [002] d...  3219.030826: azx_get_position: [0:7] pos=160, delay=35
          <idle>-0     [002] d.h.  3219.116283: azx_get_position: [0:7] pos=16608, delay=46
           aplay-3780  [002] d...  3219.116434: azx_get_position: [0:7] pos=16608, delay=38
          <idle>-0     [002] d.h.  3219.201213: azx_get_position: [0:7] pos=32896, delay=41
           aplay-3780  [002] d...  3219.201403: azx_get_position: [0:7] pos=32928, delay=40
          <idle>-0     [002] d.h.  3219.286899: azx_get_position: [0:7] pos=49376, delay=48
           aplay-3780  [002] d...  3219.287067: azx_get_position: [0:7] pos=49376, delay=40
          <idle>-0     [002] d.h.  3219.371964: azx_get_position: [0:7] pos=160, delay=45
           aplay-3780  [002] d...  3219.372144: azx_get_position: [0:7] pos=160, delay=36
          <idle>-0     [002] d.h.  3219.457618: azx_get_position: [0:7] pos=16608, delay=45
           aplay-3780  [002] d...  3219.457794: azx_get_position: [0:7] pos=16608, delay=37
          <idle>-0     [002] d.h.  3219.542610: azx_get_position: [0:7] pos=32928, delay=46
           aplay-3780  [002] d...  3219.542769: azx_get_position: [0:7] pos=32928, delay=38
          <idle>-0     [002] d.h.  3219.628246: azx_get_position: [0:7] pos=49376, delay=47
           aplay-3780  [002] d...  3219.628415: azx_get_position: [0:7] pos=49376, delay=39
          <idle>-0     [002] d.h.  3219.713292: azx_get_position: [0:7] pos=160, delay=45
           aplay-3780  [002] d...  3219.713480: azx_get_position: [0:7] pos=160, delay=36
          <idle>-0     [002] d.h.  3219.798960: azx_get_position: [0:7] pos=16608, delay=45
           aplay-3780  [002] d...  3219.799140: azx_get_position: [0:7] pos=16608, delay=36
          <idle>-0     [002] d.h.  3219.883940: azx_get_position: [0:7] pos=32928, delay=46
           aplay-3780  [002] d...  3219.884014: azx_get_position: [0:7] pos=32928, delay=42
          <idle>-0     [002] d.h.  3219.969446: azx_get_position: [0:7] pos=49344, delay=46
           aplay-3780  [002] d...  3219.969602: azx_get_position: [0:7] pos=49344, delay=38
          <idle>-0     [002] d.h.  3220.055111: azx_get_position: [0:7] pos=256, delay=46
           aplay-3780  [002] d...  3220.055265: azx_get_position: [0:7] pos=256, delay=38
          <idle>-0     [002] d.h.  3220.140129: azx_get_position: [0:7] pos=16576, delay=45
           aplay-3780  [002] d...  3220.140310: azx_get_position: [0:7] pos=16576, delay=36
          <idle>-0     [002] d.h.  3220.225793: azx_get_position: [0:7] pos=33024, delay=45
           aplay-3780  [002] d...  3220.225971: azx_get_position: [0:7] pos=33024, delay=37
          <idle>-0     [002] d.h.  3220.310732: azx_get_position: [0:7] pos=49344, delay=48
           aplay-3780  [002] d...  3220.310874: azx_get_position: [0:7] pos=49344, delay=41
          <idle>-0     [002] d.h.  3220.396450: azx_get_position: [0:7] pos=256, delay=46
           aplay-3780  [002] d...  3220.396606: azx_get_position: [0:7] pos=256, delay=38
          <idle>-0     [002] d.h.  3220.481448: azx_get_position: [0:7] pos=16576, delay=46
           aplay-3780  [002] d...  3220.481601: azx_get_position: [0:7] pos=16576, delay=38
          <idle>-0     [002] d.h.  3220.567128: azx_get_position: [0:7] pos=33024, delay=45
           aplay-3780  [002] d...  3220.567339: azx_get_position: [0:7] pos=33024, delay=35
          <idle>-0     [002] d.h.  3220.652130: azx_get_position: [0:7] pos=49344, delay=45
           aplay-3780  [002] d...  3220.652310: azx_get_position: [0:7] pos=49344, delay=36
          <idle>-0     [002] d.h.  3220.737738: azx_get_position: [0:7] pos=256, delay=48
           aplay-3780  [002] d...  3220.737913: azx_get_position: [0:7] pos=256, delay=39
          <idle>-0     [002] d.h.  3220.822793: azx_get_position: [0:7] pos=16576, delay=45
           aplay-3780  [002] d...  3220.822969: azx_get_position: [0:7] pos=16576, delay=37
          <idle>-0     [002] d.h.  3220.908450: azx_get_position: [0:7] pos=33024, delay=46
           aplay-3780  [002] d...  3220.908608: azx_get_position: [0:7] pos=33024, delay=38
          <idle>-0     [002] d.h.  3220.993415: azx_get_position: [0:7] pos=49344, delay=47
           aplay-3780  [002] dn..  3220.993592: azx_get_position: [0:7] pos=49344, delay=39
          <idle>-0     [002] d.h.  3221.079107: azx_get_position: [0:7] pos=256, delay=46
           aplay-3780  [002] d...  3221.079286: azx_get_position: [0:7] pos=256, delay=37
          <idle>-0     [002] d.h.  3221.164124: azx_get_position: [0:7] pos=16576, delay=45
           aplay-3780  [002] d...  3221.164305: azx_get_position: [0:7] pos=16576, delay=37
          <idle>-0     [002] d.h.  3221.249788: azx_get_position: [0:7] pos=33024, delay=45
           aplay-3780  [002] d...  3221.249969: azx_get_position: [0:7] pos=33024, delay=37
          <idle>-0     [002] d.H.  3221.334796: azx_get_position: [0:7] pos=49344, delay=45
           aplay-3780  [002] d...  3221.334991: azx_get_position: [0:7] pos=49344, delay=36
     Web Content-2129  [002] d.h.  3221.420358: azx_get_position: [0:7] pos=224, delay=42
           aplay-3780  [003] d...  3221.420484: azx_get_position: [0:7] pos=256, delay=44
          <idle>-0     [002] d.h.  3221.505285: azx_get_position: [0:7] pos=16544, delay=45
           aplay-3780  [002] d...  3221.505462: azx_get_position: [0:7] pos=16544, delay=37
          <idle>-0     [002] d.h.  3221.590957: azx_get_position: [0:7] pos=32992, delay=45
           aplay-3780  [002] d...  3221.591129: azx_get_position: [0:7] pos=32992, delay=37
          <idle>-0     [002] d.h.  3221.675890: azx_get_position: [0:7] pos=49280, delay=40
           aplay-3780  [002] d...  3221.676024: azx_get_position: [0:7] pos=49312, delay=42
          <idle>-0     [002] d.h.  3221.761458: azx_get_position: [0:7] pos=192, delay=45
           aplay-3780  [002] d...  3221.761640: azx_get_position: [0:7] pos=192, delay=36
          <idle>-0     [002] d.h.  3221.847064: azx_get_position: [0:7] pos=16640, delay=48
           aplay-3780  [002] d...  3221.847201: azx_get_position: [0:7] pos=16640, delay=41
          <idle>-0     [002] d.h.  3221.932123: azx_get_position: [0:7] pos=32960, delay=45
           aplay-3780  [002] d...  3221.932302: azx_get_position: [0:7] pos=32960, delay=37
          <idle>-0     [002] d.h.  3222.017787: azx_get_position: [0:7] pos=49408, delay=45
           aplay-3780  [002] d...  3222.017967: azx_get_position: [0:7] pos=49408, delay=37
          <idle>-0     [002] d.h.  3222.102800: azx_get_position: [0:7] pos=192, delay=45
           aplay-3780  [002] d...  3222.102975: azx_get_position: [0:7] pos=192, delay=36
          <idle>-0     [002] d.h.  3222.188456: azx_get_position: [0:7] pos=16640, delay=45
           aplay-3780  [002] d...  3222.188639: azx_get_position: [0:7] pos=16640, delay=36
          <idle>-0     [002] d.h.  3222.273471: azx_get_position: [0:7] pos=32960, delay=45
           aplay-3780  [002] d...  3222.273627: azx_get_position: [0:7] pos=32960, delay=37
          <idle>-0     [002] d.h.  3222.359082: azx_get_position: [0:7] pos=49408, delay=47
           aplay-3780  [002] d...  3222.359275: azx_get_position: [0:7] pos=49408, delay=38
          <idle>-0     [002] d.h.  3222.444125: azx_get_position: [0:7] pos=192, delay=45
           aplay-3780  [002] d...  3222.444312: azx_get_position: [0:7] pos=192, delay=36
          <idle>-0     [002] d.h.  3222.529794: azx_get_position: [0:7] pos=16640, delay=45
           aplay-3780  [002] d...  3222.529970: azx_get_position: [0:7] pos=16640, delay=37
          <idle>-0     [002] d.h.  3222.614795: azx_get_position: [0:7] pos=32960, delay=45
           aplay-3780  [002] d...  3222.614973: azx_get_position: [0:7] pos=32960, delay=36
          <idle>-0     [002] d.h.  3222.700450: azx_get_position: [0:7] pos=49408, delay=46
           aplay-3780  [002] d...  3222.700601: azx_get_position: [0:7] pos=49408, delay=38
          <idle>-0     [002] d.h.  3222.785377: azx_get_position: [0:7] pos=160, delay=41
           aplay-3780  [002] d...  3222.785552: azx_get_position: [0:7] pos=192, delay=41
          <idle>-0     [002] d.h.  3222.871107: azx_get_position: [0:7] pos=16640, delay=46
           aplay-3780  [002] d...  3222.871283: azx_get_position: [0:7] pos=16640, delay=38
          <idle>-0     [002] d.h.  3222.956118: azx_get_position: [0:7] pos=32960, delay=45
           aplay-3780  [002] d...  3222.956296: azx_get_position: [0:7] pos=32960, delay=37
          <idle>-0     [002] d.h.  3223.041795: azx_get_position: [0:7] pos=49408, delay=45
           aplay-3780  [002] d...  3223.041971: azx_get_position: [0:7] pos=49408, delay=37
          <idle>-0     [002] d.h.  3223.126797: azx_get_position: [0:7] pos=192, delay=45
           aplay-3780  [002] d...  3223.126971: azx_get_position: [0:7] pos=192, delay=37
     Web Content-2129  [002] d.h.  3223.212359: azx_get_position: [0:7] pos=16608, delay=42
           aplay-3780  [003] d...  3223.212547: azx_get_position: [0:7] pos=16640, delay=41
          <idle>-0     [002] d.h.  3223.297463: azx_get_position: [0:7] pos=32960, delay=45
           aplay-3780  [002] d...  3223.297636: azx_get_position: [0:7] pos=32960, delay=37
          <idle>-0     [002] d.h.  3223.383126: azx_get_position: [0:7] pos=49408, delay=45
           aplay-3780  [002] d...  3223.383302: azx_get_position: [0:7] pos=49408, delay=37
          <idle>-0     [002] d.h.  3223.468107: azx_get_position: [0:7] pos=192, delay=46
           aplay-3780  [002] d...  3223.468281: azx_get_position: [0:7] pos=192, delay=38
          <idle>-0     [002] d.h.  3223.553790: azx_get_position: [0:7] pos=16640, delay=45
           aplay-3780  [002] d...  3223.553967: azx_get_position: [0:7] pos=16640, delay=37
          <idle>-0     [002] d.h.  3223.638780: azx_get_position: [0:7] pos=32960, delay=46
           aplay-3780  [002] d...  3223.638927: azx_get_position: [0:7] pos=32960, delay=39
          <idle>-0     [002] d.h.  3223.724484: azx_get_position: [0:7] pos=49408, delay=44
           aplay-3780  [002] d...  3223.724659: azx_get_position: [0:7] pos=49408, delay=36
          <idle>-0     [002] d.h.  3223.809463: azx_get_position: [0:7] pos=192, delay=45
           aplay-3780  [002] d...  3223.809646: azx_get_position: [0:7] pos=192, delay=36
          <idle>-0     [002] d.h.  3223.895120: azx_get_position: [0:7] pos=16640, delay=45
           aplay-3780  [002] d...  3223.895298: azx_get_position: [0:7] pos=16640, delay=37
          <idle>-0     [002] d.h.  3223.980131: azx_get_position: [0:7] pos=32960, delay=45
           aplay-3780  [002] d...  3223.980302: azx_get_position: [0:7] pos=32960, delay=37
          <idle>-0     [002] d.h.  3224.065776: azx_get_position: [0:7] pos=49408, delay=46
           aplay-3780  [002] d...  3224.065927: azx_get_position: [0:7] pos=49408, delay=39
          <idle>-0     [002] d.h.  3224.150739: azx_get_position: [0:7] pos=192, delay=48
           aplay-3780  [002] d...  3224.150898: azx_get_position: [0:7] pos=192, delay=40
          <idle>-0     [002] d.h.  3224.236457: azx_get_position: [0:7] pos=16640, delay=45
           aplay-3780  [002] d...  3224.236627: azx_get_position: [0:7] pos=16640, delay=37
          <idle>-0     [002] d.h.  3224.321431: azx_get_position: [0:7] pos=32960, delay=47
           aplay-3780  [002] d...  3224.321568: azx_get_position: [0:7] pos=32960, delay=40
          <idle>-0     [002] d.h.  3224.407089: azx_get_position: [0:7] pos=49408, delay=47
           aplay-3780  [002] d...  3224.407261: azx_get_position: [0:7] pos=49408, delay=39
          <idle>-0     [002] d.h.  3224.492113: azx_get_position: [0:7] pos=192, delay=46
           aplay-3780  [002] d...  3224.492264: azx_get_position: [0:7] pos=192, delay=38
          <idle>-0     [002] d.h.  3224.577744: azx_get_position: [0:7] pos=16640, delay=47
           aplay-3780  [002] d...  3224.577902: azx_get_position: [0:7] pos=16640, delay=40
          <idle>-0     [002] d.H.  3224.662810: azx_get_position: [0:7] pos=32960, delay=44
           aplay-3780  [002] d...  3224.663008: azx_get_position: [0:7] pos=32960, delay=35
          <idle>-0     [002] d.h.  3224.748455: azx_get_position: [0:7] pos=49408, delay=45
           aplay-3780  [002] d...  3224.748617: azx_get_position: [0:7] pos=49408, delay=38
          <idle>-0     [002] d.h.  3224.833382: azx_get_position: [0:7] pos=160, delay=41
           aplay-3780  [002] d...  3224.833589: azx_get_position: [0:7] pos=192, delay=39
          <idle>-0     [002] d.h.  3224.919115: azx_get_position: [0:7] pos=16640, delay=46
           aplay-3780  [002] d...  3224.919271: azx_get_position: [0:7] pos=16640, delay=38
          <idle>-0     [002] d.h.  3225.004112: azx_get_position: [0:7] pos=32960, delay=46
           aplay-3780  [002] d...  3225.004269: azx_get_position: [0:7] pos=32960, delay=38
          <idle>-0     [002] d.h.  3225.089788: azx_get_position: [0:7] pos=49408, delay=45
           aplay-3780  [002] d...  3225.089965: azx_get_position: [0:7] pos=49408, delay=37
          <idle>-0     [002] d.h.  3225.174795: azx_get_position: [0:7] pos=192, delay=45
           aplay-3780  [002] d...  3225.174970: azx_get_position: [0:7] pos=192, delay=37
           gmain-834   [002] d.h.  3225.260359: azx_get_position: [0:7] pos=16608, delay=42
           aplay-3780  [003] d...  3225.260553: azx_get_position: [0:7] pos=16640, delay=41
          <idle>-0     [002] d.h.  3225.345452: azx_get_position: [0:7] pos=32960, delay=45
           aplay-3780  [002] d...  3225.345626: azx_get_position: [0:7] pos=32960, delay=37
          <idle>-0     [002] d.h.  3225.431112: azx_get_position: [0:7] pos=49408, delay=46
           aplay-3780  [002] d...  3225.431280: azx_get_position: [0:7] pos=49408, delay=38
          <idle>-0     [002] d.h.  3225.516081: azx_get_position: [0:7] pos=192, delay=47
           aplay-3780  [002] d...  3225.516257: azx_get_position: [0:7] pos=192, delay=39
          <idle>-0     [002] d.h.  3225.601790: azx_get_position: [0:7] pos=16640, delay=45
           aplay-3780  [002] d...  3225.601975: azx_get_position: [0:7] pos=16640, delay=36
          <idle>-0     [002] d.h.  3225.686792: azx_get_position: [0:7] pos=32960, delay=45
           aplay-3780  [002] d...  3225.686980: azx_get_position: [0:7] pos=32960, delay=36
          <idle>-0     [002] d.h.  3225.772450: azx_get_position: [0:7] pos=49408, delay=46
           aplay-3780  [002] d...  3225.772628: azx_get_position: [0:7] pos=49408, delay=37
     gnome-shell-1002  [002] d.h.  3225.857356: azx_get_position: [0:7] pos=160, delay=42
           aplay-3780  [003] d...  3225.857512: azx_get_position: [0:7] pos=192, delay=43
          <idle>-0     [002] d.h.  3225.942892: azx_get_position: [0:7] pos=16576, delay=40
           aplay-3780  [002] d...  3225.943033: azx_get_position: [0:7] pos=16608, delay=42
          <idle>-0     [002] d.h.  3226.028456: azx_get_position: [0:7] pos=33024, delay=45
           aplay-3780  [002] d...  3226.028638: azx_get_position: [0:7] pos=33024, delay=37
          <idle>-0     [002] d.h.  3226.113457: azx_get_position: [0:7] pos=49344, delay=45
           aplay-3780  [002] d...  3226.113631: azx_get_position: [0:7] pos=49344, delay=37
          <idle>-0     [002] d.h.  3226.199123: azx_get_position: [0:7] pos=256, delay=45
           aplay-3780  [002] d...  3226.199298: azx_get_position: [0:7] pos=256, delay=37
          <idle>-0     [002] d.h.  3226.284122: azx_get_position: [0:7] pos=16576, delay=45
           aplay-3780  [002] d...  3226.284299: azx_get_position: [0:7] pos=16576, delay=37
          <idle>-0     [002] d.h.  3226.369775: azx_get_position: [0:7] pos=33024, delay=46
           aplay-3780  [002] d...  3226.369921: azx_get_position: [0:7] pos=33024, delay=39
          <idle>-0     [002] d.h.  3226.454788: azx_get_position: [0:7] pos=49344, delay=45
           aplay-3780  [002] d...  3226.454964: azx_get_position: [0:7] pos=49344, delay=37
          <idle>-0     [002] d.h.  3226.540414: azx_get_position: [0:7] pos=256, delay=47
           aplay-3780  [002] d...  3226.540585: azx_get_position: [0:7] pos=256, delay=39
          <idle>-0     [002] d.h.  3226.625361: azx_get_position: [0:7] pos=16544, delay=42
           aplay-3780  [002] d...  3226.625499: azx_get_position: [0:7] pos=16576, delay=43
          <idle>-0     [002] d.h.  3226.710957: azx_get_position: [0:7] pos=32992, delay=45
           aplay-3780  [002] d...  3226.711143: azx_get_position: [0:7] pos=32992, delay=36
          <idle>-0     [002] d.h.  3226.795947: azx_get_position: [0:7] pos=49312, delay=46
           aplay-3780  [002] d...  3226.796102: azx_get_position: [0:7] pos=49312, delay=38
          <idle>-0     [002] d.h.  3226.881579: azx_get_position: [0:7] pos=224, delay=47
           aplay-3780  [002] d...  3226.881757: azx_get_position: [0:7] pos=224, delay=39
          <idle>-0     [002] d.h.  3226.966621: azx_get_position: [0:7] pos=16544, delay=45
           aplay-3780  [002] d...  3226.966879: azx_get_position: [0:7] pos=16544, delay=33
          <idle>-0     [002] d.h.  3227.052460: azx_get_position: [0:7] pos=33024, delay=45
           aplay-3780  [002] d...  3227.052638: azx_get_position: [0:7] pos=33024, delay=37
          <idle>-0     [002] d.h.  3227.137408: azx_get_position: [0:7] pos=49344, delay=48
           aplay-3780  [002] d...  3227.137549: azx_get_position: [0:7] pos=49344, delay=41
          <idle>-0     [002] d.h.  3227.223115: azx_get_position: [0:7] pos=256, delay=46
           aplay-3780  [002] d...  3227.223270: azx_get_position: [0:7] pos=256, delay=38
          <idle>-0     [002] d.h.  3227.308077: azx_get_position: [0:7] pos=16576, delay=47
           aplay-3780  [002] d...  3227.308239: azx_get_position: [0:7] pos=16576, delay=40
          <idle>-0     [002] d.h.  3227.393788: azx_get_position: [0:7] pos=33024, delay=45
           aplay-3780  [002] d...  3227.393975: azx_get_position: [0:7] pos=33024, delay=36
          <idle>-0     [002] d.h.  3227.478793: azx_get_position: [0:7] pos=49344, delay=45
           aplay-3780  [002] d...  3227.478976: azx_get_position: [0:7] pos=49344, delay=36
          <idle>-0     [002] d.h.  3227.564456: azx_get_position: [0:7] pos=256, delay=45
           aplay-3780  [002] d...  3227.564633: azx_get_position: [0:7] pos=256, delay=37
          <idle>-0     [002] d.h.  3227.649455: azx_get_position: [0:7] pos=16576, delay=45
           aplay-3780  [002] d...  3227.649632: azx_get_position: [0:7] pos=16576, delay=37
          <idle>-0     [002] d.h.  3227.735064: azx_get_position: [0:7] pos=33024, delay=48
           aplay-3780  [002] d...  3227.735206: azx_get_position: [0:7] pos=33024, delay=41
          <idle>-0     [002] d.h.  3227.820131: azx_get_position: [0:7] pos=49344, delay=45
           aplay-3780  [002] d...  3227.820307: azx_get_position: [0:7] pos=49344, delay=36
          <idle>-0     [002] d.h.  3227.905789: azx_get_position: [0:7] pos=256, delay=45
           aplay-3780  [002] d...  3227.905972: azx_get_position: [0:7] pos=256, delay=37
          <idle>-0     [002] d.h.  3227.990786: azx_get_position: [0:7] pos=16576, delay=45
           aplay-3780  [002] d...  3227.990943: azx_get_position: [0:7] pos=16576, delay=38
          <idle>-0     [002] d.h.  3228.076463: azx_get_position: [0:7] pos=33024, delay=45
           aplay-3780  [002] d...  3228.076641: azx_get_position: [0:7] pos=33024, delay=36
          <idle>-0     [002] d.h.  3228.161441: azx_get_position: [0:7] pos=49344, delay=46
           aplay-3780  [002] d...  3228.161593: azx_get_position: [0:7] pos=49344, delay=39
          <idle>-0     [002] dNh.  3228.247051: azx_get_position: [0:7] pos=224, delay=41
           aplay-3780  [003] d...  3228.247244: azx_get_position: [0:7] pos=256, delay=39
            Xorg-1342  [002] d.h.  3228.332024: azx_get_position: [0:7] pos=16544, delay=42
           aplay-3780  [003] d...  3228.332139: azx_get_position: [0:7] pos=16576, delay=44
          <idle>-0     [002] d.h.  3228.417622: azx_get_position: [0:7] pos=32992, delay=45
           aplay-3780  [002] d...  3228.417792: azx_get_position: [0:7] pos=32992, delay=37
          <idle>-0     [002] d.h.  3228.502629: azx_get_position: [0:7] pos=49312, delay=45
           aplay-3780  [002] d...  3228.502811: azx_get_position: [0:7] pos=49312, delay=36
          <idle>-0     [002] d.h.  3228.588285: azx_get_position: [0:7] pos=224, delay=45
           aplay-3780  [002] d...  3228.588439: azx_get_position: [0:7] pos=224, delay=38
     Web Content-2129  [002] d.h.  3228.673197: azx_get_position: [0:7] pos=16512, delay=42
           aplay-3780  [003] d...  3228.673382: azx_get_position: [0:7] pos=16544, delay=41
          <idle>-0     [002] d.h.  3228.758959: azx_get_position: [0:7] pos=32992, delay=45
           aplay-3780  [002] d...  3228.759140: azx_get_position: [0:7] pos=32992, delay=36
          <idle>-0     [002] d.h.  3228.843868: azx_get_position: [0:7] pos=49280, delay=41
           aplay-3780  [002] d...  3228.844031: azx_get_position: [0:7] pos=49312, delay=42
          <idle>-0     [002] d.h.  3228.929429: azx_get_position: [0:7] pos=192, delay=47
           aplay-3780  [002] d...  3228.929583: azx_get_position: [0:7] pos=192, delay=39
          <idle>-0     [002] d.h.  3229.015113: azx_get_position: [0:7] pos=16640, delay=46
           aplay-3780  [002] d...  3229.015265: azx_get_position: [0:7] pos=16640, delay=38
          <idle>-0     [002] d.h.  3229.100062: azx_get_position: [0:7] pos=32928, delay=40
           aplay-3780  [002] d...  3229.100207: azx_get_position: [0:7] pos=32960, delay=41
          <idle>-0     [002] d.h.  3229.185789: azx_get_position: [0:7] pos=49408, delay=45
           aplay-3780  [002] d...  3229.185972: azx_get_position: [0:7] pos=49408, delay=37
          <idle>-0     [002] d.h.  3229.270785: azx_get_position: [0:7] pos=192, delay=45
           aplay-3780  [002] d...  3229.270970: azx_get_position: [0:7] pos=192, delay=37
          <idle>-0     [002] d.h.  3229.356458: azx_get_position: [0:7] pos=16640, delay=45
           aplay-3780  [002] d...  3229.356636: azx_get_position: [0:7] pos=16640, delay=37
          <idle>-0     [002] d.h.  3229.441457: azx_get_position: [0:7] pos=32960, delay=45
           aplay-3780  [002] d...  3229.441636: azx_get_position: [0:7] pos=32960, delay=37
          <idle>-0     [002] d.h.  3229.527062: azx_get_position: [0:7] pos=49376, delay=40
           aplay-3780  [002] d...  3229.527203: azx_get_position: [0:7] pos=49408, delay=41
          <idle>-0     [002] d.h.  3229.612130: azx_get_position: [0:7] pos=192, delay=45
           aplay-3780  [002] d...  3229.612311: azx_get_position: [0:7] pos=192, delay=36
          <idle>-0     [002] d.h.  3229.697788: azx_get_position: [0:7] pos=16640, delay=45
           aplay-3780  [002] d...  3229.697965: azx_get_position: [0:7] pos=16640, delay=37
          <idle>-0     [002] d.h.  3229.782785: azx_get_position: [0:7] pos=32960, delay=45
           aplay-3780  [002] d...  3229.782982: azx_get_position: [0:7] pos=32960, delay=36
          <idle>-0     [002] d.h.  3229.868458: azx_get_position: [0:7] pos=49408, delay=45
           aplay-3780  [002] d...  3229.868634: azx_get_position: [0:7] pos=49408, delay=37
          <idle>-0     [002] d.h.  3229.953447: azx_get_position: [0:7] pos=192, delay=46
           aplay-3780  [002] d...  3229.953603: azx_get_position: [0:7] pos=192, delay=38
          <idle>-0     [002] d.h.  3230.039074: azx_get_position: [0:7] pos=16640, delay=48
           aplay-3780  [003] d...  3230.039526: azx_get_position: [0:7] pos=16640, delay=26
          <idle>-0     [002] d.h.  3230.124255: azx_get_position: [0:7] pos=32992, delay=47
           aplay-3780  [002] d...  3230.124439: azx_get_position: [0:7] pos=32992, delay=38
          <idle>-0     [002] d.h.  3230.209298: azx_get_position: [0:7] pos=49312, delay=45
           aplay-3780  [002] d...  3230.209475: azx_get_position: [0:7] pos=49312, delay=36
          <idle>-0     [002] d.h.  3230.294957: azx_get_position: [0:7] pos=224, delay=45
           aplay-3780  [002] d...  3230.295135: azx_get_position: [0:7] pos=224, delay=37
          <idle>-0     [002] d.h.  3230.379946: azx_get_position: [0:7] pos=16544, delay=46
           aplay-3780  [002] d...  3230.380102: azx_get_position: [0:7] pos=16544, delay=38
          <idle>-0     [002] d.h.  3230.465541: azx_get_position: [0:7] pos=32960, delay=41
           aplay-3780  [002] d...  3230.465709: azx_get_position: [0:7] pos=32992, delay=41
          <idle>-0     [002] d.h.  3230.550619: azx_get_position: [0:7] pos=49312, delay=45
           aplay-3780  [002] d...  3230.550805: azx_get_position: [0:7] pos=49312, delay=37
          <idle>-0     [002] d.h.  3230.636290: azx_get_position: [0:7] pos=224, delay=45
           aplay-3780  [002] d...  3230.636474: azx_get_position: [0:7] pos=224, delay=36
          <idle>-0     [002] d.h.  3230.721303: azx_get_position: [0:7] pos=16544, delay=45
           aplay-3780  [002] d...  3230.721459: azx_get_position: [0:7] pos=16544, delay=37
          <idle>-0     [002] d.h.  3230.806948: azx_get_position: [0:7] pos=32992, delay=46
           aplay-3780  [002] d...  3230.807104: azx_get_position: [0:7] pos=32992, delay=38
          <idle>-0     [002] d.h.  3230.891895: azx_get_position: [0:7] pos=49280, delay=40
           aplay-3780  [002] d...  3230.892040: azx_get_position: [0:7] pos=49312, delay=41
          <idle>-0     [002] d.h.  3230.977582: azx_get_position: [0:7] pos=224, delay=47
           aplay-3780  [002] d...  3230.977758: azx_get_position: [0:7] pos=224, delay=39
          <idle>-0     [002] d.h.  3231.062625: azx_get_position: [0:7] pos=16544, delay=45
           aplay-3780  [002] d...  3231.062808: azx_get_position: [0:7] pos=16544, delay=36
          <idle>-0     [002] d.h.  3231.148293: azx_get_position: [0:7] pos=32992, delay=45
           aplay-3780  [002] d...  3231.148461: azx_get_position: [0:7] pos=32992, delay=37
          <idle>-0     [002] dNh.  3231.233271: azx_get_position: [0:7] pos=49312, delay=46
           aplay-3780  [003] d...  3231.233432: azx_get_position: [0:7] pos=49312, delay=38
          <idle>-0     [002] d.h.  3231.318935: azx_get_position: [0:7] pos=224, delay=46
           aplay-3780  [002] d...  3231.319084: azx_get_position: [0:7] pos=224, delay=39
     Web Content-2129  [002] d.h.  3231.403863: azx_get_position: [0:7] pos=16512, delay=42
           aplay-3780  [003] d...  3231.404036: azx_get_position: [0:7] pos=16544, delay=41
          <idle>-0     [002] d.h.  3231.489626: azx_get_position: [0:7] pos=32992, delay=45
           aplay-3780  [002] d...  3231.489811: azx_get_position: [0:7] pos=32992, delay=36
          <idle>-0     [002] d.h.  3231.574618: azx_get_position: [0:7] pos=49312, delay=45
           aplay-3780  [002] d...  3231.574797: azx_get_position: [0:7] pos=49312, delay=37
          <idle>-0     [002] d.h.  3231.660296: azx_get_position: [0:7] pos=224, delay=45
           aplay-3780  [002] d...  3231.660477: azx_get_position: [0:7] pos=224, delay=36
          <idle>-0     [002] d.h.  3231.745237: azx_get_position: [0:7] pos=16544, delay=48
           aplay-3780  [002] d...  3231.745383: azx_get_position: [0:7] pos=16544, delay=41
          <idle>-0     [002] d.h.  3231.830950: azx_get_position: [0:7] pos=32992, delay=46
           aplay-3780  [002] d...  3231.831101: azx_get_position: [0:7] pos=32992, delay=38
          <idle>-0     [002] d.h.  3231.915883: azx_get_position: [0:7] pos=49280, delay=41
          <idle>-0     [002] d.h.  3232.001413: azx_get_position: [0:7] pos=192, delay=47
          <idle>-0     [002] d.h.  3232.086968: azx_get_position: [0:7] pos=16608, delay=45
          <idle>-0     [002] d.h.  3232.172457: azx_get_position: [0:7] pos=33024, delay=45
          <idle>-0     [002] d.h.  3232.257285: azx_get_position: [0:7] pos=49312, delay=45
          <idle>-0     [002] d.h.  3232.257297: azx_pcm_trigger: [0:7] cmd=0
          <idle>-0     [002] d.h.  3232.257305: snd_hdac_stream_stop: stream_tag: 1
           aplay-3780  [002] ....  3232.257529: azx_pcm_close: stream_tag: 1
